---
source: crates/walrus-semantics/src/ty.rs
expression: types

---
InferenceResult {
    type_of_var: {
        1: Fn(
            FnType {
                params: [
                    Primitive(
                        Int,
                    ),
                ],
                ret: Primitive(
                    Int,
                ),
            },
        ),
        3: Primitive(
            Int,
        ),
        4: Primitive(
            Int,
        ),
        5: Primitive(
            Int,
        ),
        6: Fn(
            FnType {
                params: [
                    Primitive(
                        Int,
                    ),
                ],
                ret: Primitive(
                    Int,
                ),
            },
        ),
        7: Primitive(
            Int,
        ),
    },
    type_of_expr: {
        0: Fn(
            FnType {
                params: [
                    Primitive(
                        Int,
                    ),
                ],
                ret: Primitive(
                    Int,
                ),
            },
        ),
        1: Fn(
            FnType {
                params: [
                    Primitive(
                        Int,
                    ),
                ],
                ret: Primitive(
                    Int,
                ),
            },
        ),
        2: Primitive(
            Int,
        ),
        3: Primitive(
            Int,
        ),
        4: Primitive(
            Bool,
        ),
        5: Primitive(
            Int,
        ),
        6: Primitive(
            Int,
        ),
        7: Primitive(
            Int,
        ),
        8: Fn(
            FnType {
                params: [
                    Primitive(
                        Int,
                    ),
                ],
                ret: Primitive(
                    Int,
                ),
            },
        ),
        9: Primitive(
            Int,
        ),
        10: Primitive(
            Int,
        ),
        11: Primitive(
            Int,
        ),
        12: Primitive(
            Int,
        ),
        13: Primitive(
            Int,
        ),
        14: Primitive(
            Int,
        ),
        15: Primitive(
            Int,
        ),
        16: Primitive(
            Int,
        ),
    },
    type_of_type: {
        0: Fn(
            FnType {
                params: [
                    Primitive(
                        Int,
                    ),
                ],
                ret: Primitive(
                    Int,
                ),
            },
        ),
        1: Primitive(
            Int,
        ),
        2: Primitive(
            Int,
        ),
    },
    type_of_pat: {
        0: Primitive(
            Int,
        ),
    },
    type_of_fn: {
        0: FnType {
            params: [],
            ret: Fn(
                FnType {
                    params: [
                        Primitive(
                            Int,
                        ),
                    ],
                    ret: Primitive(
                        Int,
                    ),
                },
            ),
        },
        1: FnType {
            params: [
                Primitive(
                    Int,
                ),
            ],
            ret: Primitive(
                Int,
            ),
        },
    },
    diagnostics: [],
}
