---
source: crates/walrus-semantics/src/ty.rs
expression: types

---
InferenceResult {
    type_of_expr: {
        0: Primitive(
            Bool,
        ),
        1: Fn(
            FnType {
                params: [
                    Primitive(
                        Int,
                    ),
                ],
                ret: Primitive(
                    Bool,
                ),
            },
        ),
        2: Fn(
            FnType {
                params: [
                    Primitive(
                        Int,
                    ),
                ],
                ret: Primitive(
                    Bool,
                ),
            },
        ),
    },
    type_of_type: {
        0: Fn(
            FnType {
                params: [
                    Primitive(
                        Int,
                    ),
                ],
                ret: Primitive(
                    Bool,
                ),
            },
        ),
        1: Primitive(
            Int,
        ),
    },
    type_of_pat: {
        0: Primitive(
            Int,
        ),
    },
    type_of_fn: {
        0: FnType {
            params: [],
            ret: Fn(
                FnType {
                    params: [
                        Primitive(
                            Int,
                        ),
                    ],
                    ret: Primitive(
                        Bool,
                    ),
                },
            ),
        },
    },
    diagnostics: [],
}
