---
source: crates/walrus-semantics/src/ty.rs
expression: types

---
InferenceResult {
    type_of_expr: {
        0: Primitive(
            Never,
        ),
        1: Fn(
            FnType {
                params: [],
                ret: Tuple(
                    [],
                ),
            },
        ),
        2: Fn(
            FnType {
                params: [],
                ret: Tuple(
                    [],
                ),
            },
        ),
    },
    type_of_type: {
        0: Fn(
            FnType {
                params: [],
                ret: Tuple(
                    [],
                ),
            },
        ),
    },
    type_of_pat: {},
    type_of_fn: {
        0: FnType {
            params: [],
            ret: Fn(
                FnType {
                    params: [],
                    ret: Tuple(
                        [],
                    ),
                },
            ),
        },
    },
    diagnostics: [],
}
