---
source: crates/walrus-semantics/src/ty.rs
expression: types

---
InferenceResult {
    type_of_var: {
        2: Primitive(
            Int,
        ),
        4: Primitive(
            Bool,
        ),
        6: Struct(
            0,
        ),
        7: Struct(
            0,
        ),
        8: Primitive(
            Int,
        ),
        9: Primitive(
            Bool,
        ),
        10: Struct(
            0,
        ),
        12: Struct(
            0,
        ),
    },
    type_of_expr: {
        0: Primitive(
            Int,
        ),
        1: Primitive(
            Bool,
        ),
        2: Struct(
            0,
        ),
        3: Struct(
            0,
        ),
        4: Primitive(
            Int,
        ),
        5: Struct(
            0,
        ),
        6: Primitive(
            Bool,
        ),
        7: Tuple(
            [
                Primitive(
                    Int,
                ),
                Primitive(
                    Bool,
                ),
            ],
        ),
        8: Tuple(
            [
                Primitive(
                    Int,
                ),
                Primitive(
                    Bool,
                ),
            ],
        ),
    },
    type_of_type: {
        0: Primitive(
            Int,
        ),
        1: Primitive(
            Bool,
        ),
        2: Tuple(
            [
                Primitive(
                    Int,
                ),
                Primitive(
                    Bool,
                ),
            ],
        ),
    },
    type_of_pat: {
        0: Struct(
            0,
        ),
    },
    type_of_fn: {
        0: FnType {
            params: [],
            ret: Tuple(
                [
                    Primitive(
                        Int,
                    ),
                    Primitive(
                        Bool,
                    ),
                ],
            ),
        },
    },
    diagnostics: [],
}
