---
source: crates/walrus-codegen/src/tests.rs
expression: module

---
; ModuleID = 'module'
source_filename = "module"

%S = type { i32 }

define i32 @main() {
main.entry:
  %S.alloca = alloca %S, align 8
  %S.x.gep = getelementptr inbounds %S, %S* %S.alloca, i32 0, i32 0
  store i32 0, i32* %S.x.gep, align 4
  %S = load %S, %S* %S.alloca, align 4
  %s.alloca = alloca %S, align 8
  store %S %S, %S* %s.alloca, align 4
  %S.x.gep1 = getelementptr inbounds %S, %S* %s.alloca, i32 0, i32 0
  store i32 1, i32* %S.x.gep1, align 4
  %s = load %S, %S* %s.alloca, align 4
  %S.x = extractvalue %S %s, 0
  ret i32 %S.x
}

