---
source: crates/walrus-codegen/src/codegen.rs
expression: llvm_module.print_to_string().to_string()

---
; ModuleID = 'module'
source_filename = "module"
target datalayout = "e-m:e-p270:32:32-p271:32:32-p272:64:64-i64:64-f80:128-n8:16:32:64-S128"

define i1 @main(i8* %main.env) {
main.entry:
  br i1 true, label %and.then, label %and.else

and.then:                                         ; preds = %main.entry
  br label %and.end

and.else:                                         ; preds = %main.entry
  br label %and.end

and.end:                                          ; preds = %and.else, %and.then
  %and.merge = phi i1 [ false, %and.then ], [ true, %and.else ]
  ret i1 %and.merge
}

