---
source: crates/walrus-codegen/src/tests.rs
expression: module

---
; ModuleID = 'module'
source_filename = "module"

define i1 @main() {
main.entry:
  br i1 false, label %Bool.or.merge, label %Bool.or.rhs

Bool.or.rhs:                                      ; preds = %main.entry
  br label %Bool.or.merge

Bool.or.merge:                                    ; preds = %Bool.or.rhs, %main.entry
  %Bool.or.merge1 = phi i1 [ false, %main.entry ], [ true, %Bool.or.rhs ]
  ret i1 %Bool.or.merge1
}

