---
source: crates/walrus-codegen/src/tests.rs
expression: module

---
; ModuleID = 'module'
source_filename = "module"

%Foo = type { {}, { i32 } }

define %Foo @main() {
main.entry:
  %Foo.alloca = alloca %Foo, align 8
  %Foo.discriminant.gep = getelementptr inbounds %Foo, %Foo* %Foo.alloca, i32 0, i32 0
  store {} zeroinitializer, {}* %Foo.discriminant.gep, align 1
  %Foo.payload.gep = getelementptr inbounds %Foo, %Foo* %Foo.alloca, i32 0, i32 1
  %"Foo::Bar.x.gep" = getelementptr inbounds { i32 }, { i32 }* %Foo.payload.gep, i32 0, i32 0
  store i32 5, i32* %"Foo::Bar.x.gep", align 4
  %Foo.load = load %Foo, %Foo* %Foo.alloca, align 4
  ret %Foo %Foo.load
}

