---
source: crates/walrus-codegen/src/tests.rs
expression: module

---
; ModuleID = 'module'
source_filename = "module"

define i32 @main() {
main.entry:
  %id.call = call i32 @id(i32 5)
  ret i32 %id.call
}

define i32 @id(i32 %id.params.0) {
id.entry:
  %x.alloca = alloca i32, align 4
  store i32 %id.params.0, i32* %x.alloca, align 4
  %x = load i32, i32* %x.alloca, align 4
  ret i32 %x
}

