---
source: crates/walrus-codegen/src/tests.rs
expression: module

---
; ModuleID = 'module'
source_filename = "module"

define i1 @main() {
main.entry:
  %x.alloca = alloca i32, align 4
  store i32 1, i32* %x.alloca, align 4
  %y.alloca = alloca i32, align 4
  store i32 1, i32* %y.alloca, align 4
  %x = load i32, i32* %x.alloca, align 4
  %y = load i32, i32* %y.alloca, align 4
  %Int.less = icmp slt i32 %x, %y
  ret i1 %Int.less
}

