---
source: crates/walrus-codegen/src/tests.rs
expression: module

---
; ModuleID = 'module'
source_filename = "module"

@string = private unnamed_addr constant [12 x i8] c"hello world\00", align 1

define void @builtins.exit(i32 %status) {
  call void @exit(i32 %status)
  unreachable
}

declare void @exit(i32)

define {} @builtins.putchar(i32 %c) {
  %1 = call i32 @putchar(i32 %c)
  ret {} zeroinitializer
}

declare i32 @putchar(i32)

define { i32, i8* } @main() {
main.entry:
  ret { i32, i8* } { i32 11, i8* getelementptr inbounds ([12 x i8], [12 x i8]* @string, i32 0, i32 0) }
}

