---
source: crates/walrus-codegen/src/tests.rs
expression: module

---
; ModuleID = 'module'
source_filename = "module"

define i32 @main() {
main.entry:
  %loop.result.alloca = alloca {}, align 8
  br label %loop.body

loop.body:                                        ; preds = %loop.body, %main.entry
  br label %loop.body

loop.exit:                                        ; No predecessors!
  unreachable
}

