---
source: crates/walrus-codegen/src/tests.rs
expression: module

---
; ModuleID = 'module'
source_filename = "module"

%Bar = type { i32, i32 }
%Foo = type { %Bar* }

define void @builtins.exit(i32 %status) {
  call void @exit(i32 %status)
  unreachable
}

declare void @exit(i32)

define {} @builtins.putchar(i32 %c) {
  %1 = call i32 @putchar(i32 %c)
  ret {} zeroinitializer
}

declare i32 @putchar(i32)

define i32 @main() {
main.entry:
  %Bar.alloca = alloca %Bar, align 8
  %Bar.x.gep = getelementptr inbounds %Bar, %Bar* %Bar.alloca, i32 0, i32 0
  store i32 5, i32* %Bar.x.gep, align 4
  %Bar.y.gep = getelementptr inbounds %Bar, %Bar* %Bar.alloca, i32 0, i32 1
  store i32 10, i32* %Bar.y.gep, align 4
  %Bar = load %Bar, %Bar* %Bar.alloca, align 4
  %bar.alloca = alloca %Bar, align 8
  store %Bar %Bar, %Bar* %bar.alloca, align 4
  %Foo.alloca = alloca %Foo, align 8
  %bar = load %Bar, %Bar* %bar.alloca, align 4
  %Foo.bar.gep = getelementptr inbounds %Foo, %Foo* %Foo.alloca, i32 0, i32 0
  %malloccall = tail call i8* @malloc(i32 trunc (i64 mul nuw (i64 ptrtoint (i32* getelementptr (i32, i32* null, i32 1) to i64), i64 2) to i32))
  %Foo.bar.malloc = bitcast i8* %malloccall to %Bar*
  store %Bar %bar, %Bar* %Foo.bar.malloc, align 4
  store %Bar* %Foo.bar.malloc, %Bar** %Foo.bar.gep, align 8
  %Foo = load %Foo, %Foo* %Foo.alloca, align 8
  %foo.alloca = alloca %Foo, align 8
  store %Foo %Foo, %Foo* %foo.alloca, align 8
  %foo = load %Foo, %Foo* %foo.alloca, align 8
  %Foo.bar = extractvalue %Foo %foo, 0
  %Foo.bar.load = load %Bar, %Bar* %Foo.bar, align 4
  %Bar.y = extractvalue %Bar %Foo.bar.load, 1
  %foo1 = load %Foo, %Foo* %foo.alloca, align 8
  %Foo.bar2 = extractvalue %Foo %foo1, 0
  %Foo.bar.load3 = load %Bar, %Bar* %Foo.bar2, align 4
  %Bar.x = extractvalue %Bar %Foo.bar.load3, 0
  %Int.sub = sub i32 %Bar.y, %Bar.x
  ret i32 %Int.sub
}

declare noalias i8* @malloc(i32)

