---
source: crates/walrus-codegen/src/tests.rs
expression: module

---
; ModuleID = 'module'
source_filename = "module"

define { i32, i32 } @main() {
main.entry:
  %tuple.alloca = alloca { i32, i32 }, align 8
  %tuple.0.gep = getelementptr inbounds { i32, i32 }, { i32, i32 }* %tuple.alloca, i32 0, i32 0
  store i32 1, i32* %tuple.0.gep, align 4
  %tuple.1.gep = getelementptr inbounds { i32, i32 }, { i32, i32 }* %tuple.alloca, i32 0, i32 1
  store i32 2, i32* %tuple.1.gep, align 4
  %tuple = load { i32, i32 }, { i32, i32 }* %tuple.alloca, align 4
  ret { i32, i32 } %tuple
}

