---
source: crates/walrus-parser/src/grammar.rs
expression: got
---
Ok(
    (
        [],
        Block(
            Block {
                lcurly: LCurly {
                    span: 0..1,
                },
                stmts: [
                    Expr {
                        expr: Var(
                            Var(
                                Ident {
                                    span: 1..2,
                                    text: "x",
                                },
                            ),
                        ),
                        semicolon: Some(
                            Semicolon {
                                span: 2..3,
                            },
                        ),
                    },
                    Expr {
                        expr: Var(
                            Var(
                                Ident {
                                    span: 4..5,
                                    text: "y",
                                },
                            ),
                        ),
                        semicolon: Some(
                            Semicolon {
                                span: 5..6,
                            },
                        ),
                    },
                ],
                expr: Some(
                    Var(
                        Var(
                            Ident {
                                span: 7..8,
                                text: "z",
                            },
                        ),
                    ),
                ),
                rcurly: RCurly {
                    span: 8..9,
                },
            },
        ),
    ),
)
