---
source: crates/walrus-parser/src/grammar.rs
expression: got
---
Ok(
    (
        [],
        Field(
            FieldExpr {
                base: Field(
                    FieldExpr {
                        base: Var(
                            Var(
                                Ident {
                                    span: 0..1,
                                    text: "x",
                                },
                            ),
                        ),
                        dot: Dot {
                            span: 1..2,
                        },
                        field: Named(
                            Var(
                                Ident {
                                    span: 2..4,
                                    text: "_0",
                                },
                            ),
                        ),
                    },
                ),
                dot: Dot {
                    span: 4..5,
                },
                field: Named(
                    Var(
                        Ident {
                            span: 5..7,
                            text: "_0",
                        },
                    ),
                ),
            },
        ),
    ),
)
