---
source: crates/walrus-parser/src/grammar.rs
expression: got
---
Ok(
    (
        [
            1..2@Dot ".",
            2..4@Ident "_0",
            4..5@Dot ".",
            5..7@Ident "_0",
        ],
        Var(
            Var(
                Ident {
                    span: 0..1,
                    text: "x",
                },
            ),
        ),
    ),
)
