---
source: crates/walrus-parser/src/grammar.rs
expression: got
---
Ok(
    (
        [],
        Paren(
            Delimited {
                open: LParen {
                    span: 0..1,
                },
                inner: Path(
                    Path(
                        Punctuated1NoTrail {
                            first: Ident {
                                span: 1..2,
                                text: "T",
                            },
                            tail: [],
                        },
                    ),
                ),
                close: RParen {
                    span: 2..3,
                },
            },
        ),
    ),
)
