---
source: crates/walrus-parser/src/grammar.rs
expression: got
---
Ok(
    (
        [
            1..2@Colon ":",
            2..3@Colon ":",
            3..4@Ident "y",
            4..5@Colon ":",
            5..6@Colon ":",
            6..7@Ident "Z",
        ],
        Var(
            Var(
                Ident {
                    span: 0..1,
                    text: "x",
                },
            ),
        ),
    ),
)
