---
source: crates/walrus-lexer/src/token_kind.rs
expression: got

---
[
    0..5@KwBreak "break",
    5..6@Whitespace " ",
    6..14@KwContinue "continue",
    14..15@Whitespace " ",
    15..19@KwElse "else",
    19..20@Whitespace " ",
    20..24@KwEnum "enum",
    24..25@Whitespace " ",
    25..30@KwFalse "false",
    30..31@Whitespace " ",
    31..33@KwFn "fn",
    33..34@Whitespace " ",
    34..36@KwIf "if",
    36..37@Whitespace " ",
    37..43@KwImport "import",
    43..44@Whitespace " ",
    44..47@KwLet "let",
    47..48@Whitespace " ",
    48..52@KwLoop "loop",
    52..53@Whitespace " ",
    53..58@KwMatch "match",
    58..59@Whitespace " ",
    59..65@KwReturn "return",
    65..66@Whitespace " ",
    66..72@KwStruct "struct",
    72..73@Whitespace " ",
    73..77@KwTrue "true",
]
