---
source: crates/walrus-lexer/src/token_kind.rs
expression: got
---
[
    0..1@Plus "+",
    1..2@Whitespace " ",
    2..3@Minus "-",
    3..4@Whitespace " ",
    4..5@Star "*",
    5..6@Whitespace " ",
    6..7@Slash "/",
    7..8@Whitespace " ",
    8..9@Bang "!",
    9..10@Whitespace " ",
    10..11@Eq "=",
    11..12@Whitespace " ",
    12..14@EqEq "==",
    14..15@Whitespace " ",
    15..17@BangEq "!=",
    17..18@Whitespace " ",
    18..19@Less "<",
    19..20@Whitespace " ",
    20..22@LessEq "<=",
    22..23@Whitespace " ",
    23..24@Greater ">",
    24..25@Whitespace " ",
    25..27@GreaterEq ">=",
]
